// Jest Snapshot v1, https://goo.gl/fbAQLP

exports[`Links component matches snapshot 1`] = `
<div>
  <nav
    class="navbar navbar-expand-lg navbar-dark bg-dark fixed-top"
  >
    <a
      class="navbar-brand"
      href="/"
    >
      <img
        alt="Goldens retrievers, phoenix and kula"
        class="shlogo d-inline-block align-top"
        src="images/logo.jpeg"
      />
    </a>
    <button
      aria-controls="responsive-navbar-nav"
      aria-label="Toggle navigation"
      class="navbar-toggler collapsed"
      type="button"
    >
      <span
        class="navbar-toggler-icon"
      />
    </button>
    <div
      class="navbar-collapse collapse"
      id="responsive-navbar-nav"
    >
      <div
        class="ml-auto navbar-nav"
      >
        <a
          class="nav-link"
          data-rb-event-key="/"
          href="/"
        >
          Home
        </a>
        <div
          class="dropdown nav-item"
        >
          <a
            aria-expanded="false"
            aria-haspopup="true"
            class="dropdown-toggle nav-link"
            href="#"
            id="collasible-nav-dropdown"
            role="button"
          >
            Our Goldens
          </a>
        </div>
        <div
          class="dropdown nav-item"
        >
          <a
            aria-expanded="false"
            aria-haspopup="true"
            class="dropdown-toggle nav-link"
            href="#"
            id="collasible-nav-dropdown"
            role="button"
          >
            Grooming Your Golden
          </a>
        </div>
        <a
          class="nav-link"
          data-rb-event-key="/mylifewithanimals"
          href="/mylifewithanimals"
        >
          My Life With Animals
        </a>
        <div
          class="dropdown nav-item"
        >
          <a
            aria-expanded="false"
            aria-haspopup="true"
            class="dropdown-toggle nav-link"
            href="#"
            id="collasible-nav-dropdown"
            role="button"
          >
            About Us
          </a>
        </div>
        <a
          class="nav-link"
          data-rb-event-key="/links"
          href="/links"
        >
          Links
        </a>
        <a
          class="nav-link"
          data-rb-event-key="/contact"
          href="/contact"
        >
          Contact
        </a>
      </div>
    </div>
  </nav>
  <div
    class="belowNavbar"
  >
    <h2>
      Links
    </h2>
    <p>
      Our favourite links:
    </p>
    <p>
      <a
        href="https://www.mistymoorgoldens.com/"
      >
        Mistymoor Golden Retrievers
      </a>
      (home of NZ CH Santamaria The Patriot, Shadow's Sire)
    </p>
    <p>
      <a
        href="https://sandlewoodgoldens.com/"
      >
        Sandlewood Golden Retrievers
      </a>
      (home of CH Sandlewood Gamble With Gold, Sherry's Sire)
    </p>
    <p>
      <a
        href="https://www.dogsnz.org.nz/breeds/golden-retriever"
      >
        New Zealand official breed standard
      </a>
      (breed standard for golden retrievers in New Zealand)
    </p>
    <p>
      <a
        href="https://en.wikipedia.org/wiki/Golden_Retriever"
      >
        Wikipedia Golden Retrievers
      </a>
    </p>
    <p>
      <a
        href="http://cgrcnz.org/"
      >
        Central Golden Retriever Club
      </a>
    </p>
    <p>
      <a
        href="https://keridale.com/"
      >
        Keridale Golden Retrievers
      </a>
      (another good breeder's website in New Zealand)
    </p>
  </div>
  <div>
    <img
      class="img-fluid"
      src="images/link1.jpg"
    />
  </div>
</div>
`;
