// Jest Snapshot v1, https://goo.gl/fbAQLP

exports[`Carousel component to match snapshot 1`] = `
<div>
  <div
    class="carousel slide"
  >
    <ol
      class="carousel-indicators"
    >
      <li
        class="active"
      />
      <li />
      <li />
      <li />
    </ol>
    <div
      class="carousel-inner"
    >
      <div
        class="active carousel-item"
      >
        <img
          alt="First slide"
          class="d-block w-100"
          src="images/09.jpg"
        />
        <div
          class="carousel-caption"
        >
          <h3>
            First slide label, do you want this?
          </h3>
          <p>
            Do you want to add further comments below the label?
          </p>
        </div>
      </div>
      <div
        class="carousel-item"
      >
        <img
          alt="Second slide"
          class="d-block w-100"
          src="images/04.jpg"
        />
        <div
          class="carousel-caption"
        >
          <h3>
            Second slide label, do you want this?
          </h3>
          <p>
            Do you want to add further comments below the label?
          </p>
        </div>
      </div>
      <div
        class="carousel-item"
      >
        <img
          alt="Third slide"
          class="d-block w-100"
          src="images/12.jpg"
        />
        <div
          class="carousel-caption"
        >
          <h3>
            Third slide label, do you want this?
          </h3>
          <p>
            Do you want to add further comments below the label?
          </p>
        </div>
      </div>
      <div
        class="carousel-item"
      >
        <img
          alt="Forth slide"
          class="d-block w-100"
          src="images/11.jpg"
        />
      </div>
    </div>
    <a
      class="carousel-control-prev"
      href="#"
      role="button"
    >
      <span
        aria-hidden="true"
        class="carousel-control-prev-icon"
      />
      <span
        class="sr-only"
      >
        Previous
      </span>
    </a>
    <a
      class="carousel-control-next"
      href="#"
      role="button"
    >
      <span
        aria-hidden="true"
        class="carousel-control-next-icon"
      />
      <span
        class="sr-only"
      >
        Next
      </span>
    </a>
  </div>
</div>
`;
