// Jest Snapshot v1, https://goo.gl/fbAQLP

exports[`Navbar component to match snapshot 1`] = `
<div>
  <nav
    class="navbar navbar-expand-lg navbar-light bg-light fixed-top"
  >
    <a
      class="navbar-brand"
      href="/"
    >
      <img
        alt="Goldens retrievers, phoenix and kula"
        class="shlogo d-inline-block align-top"
        src="images/logo1.png"
      />
    </a>
    <button
      aria-controls="responsive-navbar-nav"
      aria-label="Toggle navigation"
      class="navbar-toggler collapsed"
      type="button"
    >
      <span
        class="navbar-toggler-icon"
      />
    </button>
    <div
      class="navbar-collapse collapse"
      id="responsive-navbar-nav"
    >
      <div
        class="ml-auto navbar-nav"
      >
        <a
          class="nav-link"
          data-rb-event-key="/"
          href="/"
        >
          Home
        </a>
        <div
          class="dropdown nav-item"
        >
          <a
            aria-expanded="false"
            aria-haspopup="true"
            class="dropdown-toggle nav-link"
            href="#"
            id="collasible-nav-dropdown"
            role="button"
          >
            Our Goldens
          </a>
        </div>
        <div
          class="dropdown nav-item"
        >
          <a
            aria-expanded="false"
            aria-haspopup="true"
            class="dropdown-toggle nav-link"
            href="#"
            id="collasible-nav-dropdown"
            role="button"
          >
            Grooming Your Golden
          </a>
        </div>
        <a
          class="nav-link"
          data-rb-event-key="/mylifewithanimals"
          href="/mylifewithanimals"
        >
          My Life With Animals
        </a>
        <div
          class="dropdown nav-item"
        >
          <a
            aria-expanded="false"
            aria-haspopup="true"
            class="dropdown-toggle nav-link"
            href="#"
            id="collasible-nav-dropdown"
            role="button"
          >
            About Us
          </a>
        </div>
        <a
          class="nav-link"
          data-rb-event-key="/links"
          href="/links"
        >
          Links
        </a>
        <a
          class="nav-link"
          data-rb-event-key="/contact"
          href="/contact"
        >
          Contact
        </a>
      </div>
    </div>
  </nav>
</div>
`;
