// Jest Snapshot v1, https://goo.gl/fbAQLP

exports[`Carousel component to match snapshot 1`] = `
<div>
  <div
    class="belowNavbar carousel slide"
  >
    <ol
      class="carousel-indicators"
    >
      <li
        class="active"
      />
      <li />
      <li />
      <li />
      <li />
      <li />
      <li />
      <li />
      <li />
      <li />
      <li />
      <li />
    </ol>
    <div
      class="carousel-inner"
    >
      <div
        class="active carousel-item"
      >
        <img
          alt="First slide"
          class="d-block w-100"
          src="images/homepage/hpN1.jpeg"
        />
      </div>
      <div
        class="carousel-item"
      >
        <img
          alt="second slide"
          class="d-block w-100"
          src="images/homepage/hpN4.jpeg"
        />
      </div>
      <div
        class="carousel-item"
      >
        <img
          alt="third slide"
          class="d-block w-100"
          src="images/homepage/hpN5.jpeg"
        />
        <div
          class="carousel-caption"
        >
          <h3>
            First slide label, do you want this?
          </h3>
          <p>
            Do you want to add further comments below the label?
          </p>
        </div>
      </div>
      <div
        class="carousel-item"
      >
        <img
          alt="Forth slide"
          class="d-block w-100"
          src="images/homepage/hpN9.jpeg"
        />
      </div>
      <div
        class="carousel-item"
      >
        <img
          alt="Fifth slide"
          class="d-block w-100"
          src="images/homepage/hpN11.jpeg"
        />
      </div>
      <div
        class="carousel-item"
      >
        <img
          alt="First slide"
          class="d-block w-100"
          src="images/new1.jpg"
        />
        <div
          class="carousel-caption"
        >
          <h3>
            First slide label, do you want this?
          </h3>
          <p>
            Do you want to add further comments below the label?
          </p>
        </div>
      </div>
      <div
        class="carousel-item"
      >
        <img
          alt="Second slide"
          class="d-block w-100"
          src="images/new2.jpg"
        />
        <div
          class="carousel-caption"
        >
          <h3>
            Second slide label, do you want this?
          </h3>
          <p>
            Do you want to add further comments below the label?
          </p>
        </div>
      </div>
      <div
        class="carousel-item"
      >
        <img
          alt="Third slide"
          class="d-block w-100"
          src="images/new3.jpg"
        />
        <div
          class="carousel-caption"
        >
          <h3>
            Third slide label, do you want this?
          </h3>
          <p>
            Do you want to add further comments below the label?
          </p>
        </div>
      </div>
      <div
        class="carousel-item"
      >
        <img
          alt="Forth slide"
          class="d-block w-100"
          src="images/new4.jpg"
        />
      </div>
      <div
        class="carousel-item"
      >
        <img
          alt="Fifth slide"
          class="d-block w-100"
          src="images/new5.jpg"
        />
      </div>
      <div
        class="carousel-item"
      >
        <img
          alt="Sixth slide"
          class="d-block w-100"
          src="images/new6.jpg"
        />
      </div>
      <div
        class="carousel-item"
      >
        <img
          alt="Sixth slide"
          class="d-block w-100"
          src="images/hoverdog.jpeg"
        />
      </div>
    </div>
    <a
      class="carousel-control-prev"
      href="#"
      role="button"
    >
      <span
        aria-hidden="true"
        class="carousel-control-prev-icon"
      />
      <span
        class="sr-only"
      >
        Previous
      </span>
    </a>
    <a
      class="carousel-control-next"
      href="#"
      role="button"
    >
      <span
        aria-hidden="true"
        class="carousel-control-next-icon"
      />
      <span
        class="sr-only"
      >
        Next
      </span>
    </a>
  </div>
</div>
`;
